[belluri.webflow.io/index.html]
[backblue.gif]
[fade.gif]
[index.html]
[assets.website-files.com/62eb83fe467fa574c8f5d86b/css/belluri.webflow.2d11d7b11.css]
[ajax.googleapis.com/ajax/libs/webfont/1.6.26/webfont.js]
[cdn.prod.website-files.com/62eb83fe467fa574c8f5d86b/6304a304525dad756421102d_favicon.png]
[cdn.prod.website-files.com/62eb83fe467fa574c8f5d86b/6304a308355b7f68af561dc4_webclip.png]
[cdn.prod.website-files.com/62eb83fe467fa574c8f5d86b/62eb908dae610ff6845ea8cd_logo.png]
[belluri.webflow.io/spa-service.html]
[belluri.webflow.io/packages.html]
[belluri.webflow.io/about.html]
[belluri.webflow.io/therapy-service.html]
[belluri.webflow.io/pricing.html]
[belluri.webflow.io/team.html]
[belluri.webflow.io/blog.html]
[belluri.webflow.io/register.html]
[belluri.webflow.io/contact.html]
[belluri.webflow.io/checkout.html]
[cdn.prod.website-files.com/62eb83fe467fa574c8f5d86b/62ef44e6664d6514f6561bdf_about-thumb-image.png]
[belluri.webflow.io/therapy/oil-therapy.html]
[cdn.prod.website-files.com/62eb83fe467fa574c8f5d86b/62f0ad96295fa16c5dd31f54_feature.png]
[cdn.prod.website-files.com/62ef86b8d05b79a92706f8b6/62f0e1aeeafac5eaa641e31f_hot-stone-spa.png]
[belluri.webflow.io/spa/hot-stone-spa.html]
[cdn.prod.website-files.com/62ef86b8d05b79a92706f8b6/62f0e256295fa10e03d5bf6c_face-scrab.png]
[cdn.prod.website-files.com/62ef86b8d05b79a92706f8b6/62f0e237af610515d4980f20_oil-message.png]
[cdn.prod.website-files.com/62eb83fe467fa574c8f5d86b/62f2239ad6a44363c9b11882_testimonial-image.png]
[cdn.prod.website-files.com/62ef86b8d05b79a92706f8b6/62f32d323ebbed513449c202_blog-feature-image.jpg]
[belluri.webflow.io/author/stuart.html]
[belluri.webflow.io/post/spa-treamment-is-lorem-ipsum-dollar-natural-.html]
[cdn.prod.website-files.com/62ef86b8d05b79a92706f8b6/62f333a6e38c6d72851c3154_blog-popular-image.jpg]
[belluri.webflow.io/author/ethan.html]
[cdn.prod.website-files.com/62ef86b8d05b79a92706f8b6/62f337be0ae83ffe1f62b294_blog-popular-image-2.jpg]
[belluri.webflow.io/author/morgan.html]
[cdn.prod.website-files.com/62eb83fe467fa574c8f5d86b/62f36f43b9b831a6b3263a1f_brand-image-1.png]
[cdn.prod.website-files.com/62eb83fe467fa574c8f5d86b/62f371f59f36f7989b16a9b2_brand-image-2.png]
[cdn.prod.website-files.com/62eb83fe467fa574c8f5d86b/62f372010d180f0515121d6d_brand-image-3.png]
[cdn.prod.website-files.com/62eb83fe467fa574c8f5d86b/62f3720e88c0c31e16048dd2_brand-image-4.png]
[cdn.prod.website-files.com/62eb83fe467fa574c8f5d86b/62f372196d43f21a0515ab17_brand-image-5.png]
[belluri.webflow.io/license.html]
[d3e54v103j8qbb.cloudfront.net/js/jquery-3.5.1.min.dc5e7f18c82477.js]
[belluri.webflow.io/index.html]
[assets.website-files.com/62eb83fe467fa574c8f5d86b/js/webflow.dc3c97a56.js]
[assets.website-files.com/62eb83fe467fa574c8f5d86b/62fdfca0a5514dd7a61aca7d_bxs_quote-right.png]
[assets.website-files.com/62eb83fe467fa574c8f5d86b/62fdfc80e0d4c04c3548aaee_Quate-bg.png]
[assets.website-files.com/62eb83fe467fa574c8f5d86b/62edee73bf75bb4b3bdeb529_slider-bg-01.jpg]
[assets.website-files.com/62eb83fe467fa574c8f5d86b/62f0e9e00e99ef16cd1140d2_spa-section-bg-image.png]
[assets.website-files.com/62eb83fe467fa574c8f5d86b/62f1fcf7df0438e47be7b7d6_price-bg.png]
[assets.website-files.com/62eb83fe467fa574c8f5d86b/62fdd1bb30949526998d6fe0_pricing-page-bg.png]
[assets.website-files.com/62eb83fe467fa574c8f5d86b/62f349d434986707822c8137_popular-blog-bg.png]
[assets.website-files.com/62eb83fe467fa574c8f5d86b/62f380cded2763a0a46f9c11_footer-bg.png]
[assets.website-files.com/62eb83fe467fa574c8f5d86b/62f4968104e0679176d509fb_breadcrumb-bg.png]
[assets.website-files.com/62eb83fe467fa574c8f5d86b/62fb1d7dddaec714a413f109_discount-bg.jpg]
[assets.website-files.com/62eb83fe467fa574c8f5d86b/63006fb9f4c91416c75c858d_package-bg.png]
[assets.website-files.com/62eb83fe467fa574c8f5d86b/css/belluri.webflow.2d11d7b11.css]
[cdn.prod.website-files.com/62eb83fe467fa574c8f5d86b/62fb3495d10e8782dbfd9d04_spa-service-about-image.png]
[cdn.prod.website-files.com/62ef86b8d05b79a92706f8b6/63035d687785d069795a0b54_face-massage.png]
[belluri.webflow.io/spa/face-massage.html]
[cdn.prod.website-files.com/62ef86b8d05b79a92706f8b6/62f0e2155cac0aab48893b02_geothermal-spa.png]
[cdn.prod.website-files.com/62ef86b8d05b79a92706f8b6/62f0e1e78030852a3ff9aedd_herbal-massage.png]
[belluri.webflow.io/spa/herbal-massage.html]
[cdn.prod.website-files.com/62ef86b8d05b79a92706f8b6/630314922ea56e89a63431ce_body-massage.png]
[cdn.prod.website-files.com/62ef86b8d05b79a92706f8b6/63031460f4c91469087f91fa_manicure-pack.png]
[belluri.webflow.io/spa-service.html]
[belluri.webflow.io/spa/manicure-pack.html]
[belluri.webflow.io/product/bronze.html]
[belluri.webflow.io/product/silver.html]
[belluri.webflow.io/packages.html]
[cdn.prod.website-files.com/62eb83fe467fa574c8f5d86b/62f49ede29171b3000698313_about-page-image.png]
[cdn.prod.website-files.com/62eb83fe467fa574c8f5d86b/62f4c8314f9c7080b8e32e26_feature-2.png]
[cdn.prod.website-files.com/62ef86b8d05b79a92706f8b6/62fb230fb29b0b8b06c27a5a_team-1.png]
[belluri.webflow.io/team/lucia-williams.html]
[cdn.prod.website-files.com/62ef86b8d05b79a92706f8b6/62fb232a58fef8bcf33079f6_team-2.png]
[belluri.webflow.io/team/zesica-williams.html]
[cdn.prod.website-files.com/62ef86b8d05b79a92706f8b6/62fb24b2e4847f720b294d7b_team-3.png]
[belluri.webflow.io/team/rebeca-smith.html]
[cdn.prod.website-files.com/62ef86b8d05b79a92706f8b6/62fb24ca9c9bd94d976f5e12_team-4.png]
[belluri.webflow.io/about.html]
[belluri.webflow.io/team/samantha-victoria.html]
[belluri.webflow.io/therapy/stone-therapy.html]
[belluri.webflow.io/therapy/body-therapy.html]
[belluri.webflow.io/therapy/salt-therapy.html]
[belluri.webflow.io/therapy-service.html]
[belluri.webflow.io/pricing.html]
[belluri.webflow.io/therapy/herbal-therapy.html]
[cdn.prod.website-files.com/62ef86b8d05b79a92706f8b6/63049bd8aaccdb06e6312209_team-5.png]
[belluri.webflow.io/team.html]
[cdn.prod.website-files.com/62ef86b8d05b79a92706f8b6/62f339120b52a666e10d80cd_blog-popular-image-6.jpg]
[cdn.prod.website-files.com/62ef86b8d05b79a92706f8b6/62f33845a5685a2238d8b45d_blog-popular-image-5.jpg]
[belluri.webflow.io/post/pedicure-menicure-is-most-relaxable.html]
[cdn.prod.website-files.com/62ef86b8d05b79a92706f8b6/62f337fe0b52a684b70d6a37_blog-popular-image-3.jpg]
[belluri.webflow.io/post/hot-stone-spa-is-very-usrful-for-full-body.html]
[cdn.prod.website-files.com/62ef86b8d05b79a92706f8b6/62fdd5f18b35ffef8673b8e5_blog-popular-image-4.jpg]
[belluri.webflow.io/blog.html]
[belluri.webflow.io/post/oil-therapy-is-most-relaxable-for-health.html]
[cdn.prod.website-files.com/62eb83fe467fa574c8f5d86b/63020eb0439fa6656ceab55a_Face-Scrub.png]
[belluri.webflow.io/register.html]
[belluri.webflow.io/contact.html]
[belluri.webflow.io/checkout.html]
[cdn.prod.website-files.com/62ef86b8d05b79a92706f8b6/630466fdac4ebc743c6f1709_Oil therapy 01.png]
[cdn.prod.website-files.com/62ef86b8d05b79a92706f8b6/63046742fbd531061b54b215_Oil thepary 02.png]
[belluri.webflow.io/therapy/oil-therapy.html]
[cdn.prod.website-files.com/62ef86b8d05b79a92706f8b6/6303518514ab5d7f254dbb97_01.png]
[cdn.prod.website-files.com/62ef86b8d05b79a92706f8b6/630351e730903d13c06fa2a5_02.png]
[cdn.prod.website-files.com/62ef86b8d05b79a92706f8b6/63035240b6f3cd6797bb220d_03.png]
[cdn.prod.website-files.com/62ef86b8d05b79a92706f8b6/630352aee8dad057b0c06490_04.png]
[belluri.webflow.io/spa/hot-stone-spa.html]
[belluri.webflow.io/author/stuart.html]
[cdn.prod.website-files.com/62ef86b8d05b79a92706f8b6/63048d242de3eb6721d863ae_15.png]
[cdn.prod.website-files.com/62ef86b8d05b79a92706f8b6/63048cd7fbd5317a4156800f_16.png]
[cdn.prod.website-files.com/62eb83fe467fa574c8f5d86b/62fe0d516b4e8f85c2a8a7e9_Sidebar-image.png]
[belluri.webflow.io/post/spa-treamment-is-lorem-ipsum-dollar-natural-.html]
[belluri.webflow.io/author/ethan.html]
[belluri.webflow.io/author/morgan.html]
[belluri.webflow.io/license.html]
[cdn.prod.website-files.com/62ef86b8d05b79a92706f8b6/630353490fed0a1d9ff7bff4_face-scrub.png]
[cdn.prod.website-files.com/62ef86b8d05b79a92706f8b6/6303536ac5a73e5e0a9805e7_face-spa-video-thumb.png]
[cdn.prod.website-files.com/62ef86b8d05b79a92706f8b6/63035402bc07700bd7d458cf_face-spa-how-its-works-thumb.png]
[cdn.prod.website-files.com/62ef86b8d05b79a92706f8b6/630354434dfdeff5863ae9c2_face-spa-benifits-thumb.png]
[belluri.webflow.io/spa/face-massage.html]
[cdn.prod.website-files.com/62ef86b8d05b79a92706f8b6/63035c70d2d07a22e595d8a7_21.png]
[cdn.prod.website-files.com/62ef86b8d05b79a92706f8b6/63035c4943a9125af713cb84_22.png]
[cdn.prod.website-files.com/62ef86b8d05b79a92706f8b6/63035be0bc0770b007d4c6ee_23.png]
[cdn.prod.website-files.com/62ef86b8d05b79a92706f8b6/63035bb8fe075372baa32287_24.png]
[belluri.webflow.io/spa/herbal-massage.html]
[cdn.prod.website-files.com/62ef86b8d05b79a92706f8b6/630355e9e8dad0a515c0bdd7_13.png]
[cdn.prod.website-files.com/62ef86b8d05b79a92706f8b6/630355f49bc689e8b37090e2_14.png]
[cdn.prod.website-files.com/62ef86b8d05b79a92706f8b6/630355fa5d30ca41961e9cd6_15.png]
[cdn.prod.website-files.com/62ef86b8d05b79a92706f8b6/630355ff5983f6be7371d3e1_16.png]
[belluri.webflow.io/spa/manicure-pack.html]
[belluri.webflow.io/product/bronze.html]
[belluri.webflow.io/product/silver.html]
[cdn.prod.website-files.com/62ef86b8d05b79a92706f8b6/6301c15f81337023cced9ef7_team-details-1.png]
[belluri.webflow.io/team/lucia-williams.html]
[cdn.prod.website-files.com/62ef86b8d05b79a92706f8b6/6301c23e148cfc1b65dc7140_team-details-2.png]
[belluri.webflow.io/team/zesica-williams.html]
[cdn.prod.website-files.com/62ef86b8d05b79a92706f8b6/6301c2fbf3022e5ff3b2d683_team-details-3.png]
[belluri.webflow.io/team/rebeca-smith.html]
[cdn.prod.website-files.com/62ef86b8d05b79a92706f8b6/6301c3708133701a33edac57_team-details-4.png]
[belluri.webflow.io/team/samantha-victoria.html]
[cdn.prod.website-files.com/62ef86b8d05b79a92706f8b6/630467ccfa91d28b8bb5dd54_stone-therapy-slider-1.png]
[cdn.prod.website-files.com/62ef86b8d05b79a92706f8b6/62fcd76507590ecf26501e0d_stone-work-image.png]
[belluri.webflow.io/therapy/stone-therapy.html]
[cdn.prod.website-files.com/62ef86b8d05b79a92706f8b6/63046a60ac4ebc2d416f311f_body-therapy-01.png]
[cdn.prod.website-files.com/62ef86b8d05b79a92706f8b6/63046a43037ff4535f708889_body-therapy-02.png]
[belluri.webflow.io/therapy/body-therapy.html]
[cdn.prod.website-files.com/62ef86b8d05b79a92706f8b6/63059d8c965c42f96f0fcb82_salt therapy 01.png]
[cdn.prod.website-files.com/62ef86b8d05b79a92706f8b6/63046ac7037ff4816070920e_salt therapy 02.png]
[belluri.webflow.io/therapy/salt-therapy.html]
[cdn.prod.website-files.com/62ef86b8d05b79a92706f8b6/63046953f2289d8506660d0b_herbal-therapy-01.png]
[cdn.prod.website-files.com/62ef86b8d05b79a92706f8b6/630469cb32da772e097db859_herbal-therapy-02.png]
[belluri.webflow.io/therapy/herbal-therapy.html]
[cdn.prod.website-files.com/62ef86b8d05b79a92706f8b6/63048c799de6e9c5992ca350_05.png]
[cdn.prod.website-files.com/62ef86b8d05b79a92706f8b6/63048c53432d8b57a177e7d5_06.png]
[belluri.webflow.io/post/pedicure-menicure-is-most-relaxable.html]
[cdn.prod.website-files.com/62ef86b8d05b79a92706f8b6/63048ddc4b58f1785dbc617e_03.png]
[cdn.prod.website-files.com/62ef86b8d05b79a92706f8b6/63048dcf82f2d309451354af_04.png]
[belluri.webflow.io/post/hot-stone-spa-is-very-usrful-for-full-body.html]
[cdn.prod.website-files.com/62ef86b8d05b79a92706f8b6/63048e3b790f49736ecd4fcc_09.png]
[cdn.prod.website-files.com/62ef86b8d05b79a92706f8b6/63048e29d396fd000a929046_10.png]
[belluri.webflow.io/post/oil-therapy-is-most-relaxable-for-health.html]
[belluri.webflow.io/login.html]
[belluri.webflow.io/therapy/organic-therapy.html]
[belluri.webflow.io/therapy/massage-therapy.html]
[belluri.webflow.io/spa/face-scrub.html]
[belluri.webflow.io/spa/oil-massage.html]
[belluri.webflow.io/post/mineral-bath-is-very-helpful-for-body.html]
[belluri.webflow.io/post/herbal-therapy-tips-benifits-for-all.html]
[belluri.webflow.io/style-guide.html]
[belluri.webflow.io/changelog.html]
[belluri.webflow.io/spa/geothermal-spa.html]
[belluri.webflow.io/spa/body-massage.html]
[belluri.webflow.io/product/diamond.html]
[belluri.webflow.io/therapy/aroma-therapy.html]
[belluri.webflow.io/team/illo-consequuntur.html]
[belluri.webflow.io/post/full-body-massage-makes-comfort.html]
